Bienvenido al programa principal de MercadoFinger. Por favor ingrese su comando:
1> Cola de envios creada con exito.
2> Coleccion de productos creada de forma exitosa.
3> Fecha creada en forma exitosa.
4> Producto creado en forma exitosa.
5> Producto agregada de forma exitosa.
6> Envio creado con exito.
7> Se ha agregado el envio a la cola de envios de forma exitosa.
8> Coleccion de productos creada de forma exitosa.
9> Fecha creada en forma exitosa.
10> Producto creado en forma exitosa.
11> Producto agregada de forma exitosa.
12> Envio creado con exito.
13> Se ha agregado el envio a la cola de envios de forma exitosa.
14> Coleccion de productos creada de forma exitosa.
15> Fecha creada en forma exitosa.
16> Producto creado en forma exitosa.
17> Producto agregada de forma exitosa.
18> Envio creado con exito.
19> Se ha agregado el envio a la cola de envios de forma exitosa.
20> El envio con mayor prioridad de la cola de envios es:
Producto: 8
Manzana
Precio: 10
Ingresado el: 8/8/2001
Fecha del envio: 1/1/2025
21> La cantidad maxima de envios en la cola de envios es: 3
22> 
Nivel 1
1) Producto: 8
Manzana
Precio: 10
Ingresado el: 8/8/2001
Fecha del envio: 1/1/2025

Nivel 2
2) Producto: 7
Leche
Precio: 17
Ingresado el: 6/6/2001
Fecha del envio: 10/10/2010
3) Producto: 8
Manzana
Precio: 10
Ingresado el: 8/8/2001
Fecha del envio: 1/1/2024

23> Se ejecuto invertirPrioridadTColaEnvios exitosamente.
24> El envio con mayor prioridad de la cola de envios es:
Producto: 7
Leche
Precio: 17
Ingresado el: 6/6/2001
Fecha del envio: 10/10/2010
25> 
Nivel 1
1) Producto: 7
Leche
Precio: 17
Ingresado el: 6/6/2001
Fecha del envio: 10/10/2010

Nivel 2
2) Producto: 8
Manzana
Precio: 10
Ingresado el: 8/8/2001
Fecha del envio: 1/1/2025
3) Producto: 8
Manzana
Precio: 10
Ingresado el: 8/8/2001
Fecha del envio: 1/1/2024

26> La cola de envios se ha liberado exitosamente.
27> Fin.
