Bienvenido al programa principal de MercadoFinger. Por favor ingrese su comando:
1> Cola de envios creada con exito.
2> 
3> La cola de envios se ha liberado exitosamente.
4> Fin.
