Bienvenido al programa principal de MercadoFinger. Por favor ingrese su comando:
1> Fecha creada en forma exitosa.
2> Producto creado en forma exitosa.
3> Cliente creado de forma exitosa.
4> Queja creada exitosamente.
5> Fecha: 1/1/2001
Cliente: Cliente Casimira Gonzalez
Id: 19
Edad: 27
Producto: 7
producto1
Precio: 5
Ingresado el: 1/1/2001
Comentario: Primera_Queja
6> Queja liberada exitosamente.
7> Fecha creada en forma exitosa.
8> Producto creado en forma exitosa.
9> Cliente creado de forma exitosa.
10> Queja creada exitosamente.
11> Fecha: 29/9/2024
Cliente: Cliente Casimira Gonzalez
Id: 19
Edad: 27
Producto: 12
producto2
Precio: 10
Ingresado el: 29/9/2000
Comentario: Segunda_Queja
12> Queja liberada exitosamente.
13> Fin.
